ARM Linker, 5.03 [Build 76] [MDK-ARM Standard]

==============================================================================

Section Cross References

    main.o(.text) refers to stm32f10x_gpio.o(.text) for GPIO_ResetBits
    main.o(.text) refers to os_time.o(.text) for OSTimeDly
    main.o(.text) refers to stm32f10x_rcc.o(.text) for RCC_APB2PeriphClockCmd
    main.o(.text) refers to os_cpu_c.o(.text) for OS_CPU_SysTickInit
    main.o(.text) refers to os_task.o(.text) for OSTaskCreate
    main.o(.text) refers to os_core.o(.text) for OSInit
    main.o(.text) refers to main.o(.bss) for task1_stk
    startup_stm32f10x_hd.o(RESET) refers to startup_stm32f10x_hd.o(STACK) for __initial_sp
    startup_stm32f10x_hd.o(RESET) refers to startup_stm32f10x_hd.o(.text) for Reset_Handler
    startup_stm32f10x_hd.o(RESET) refers to stm32f10x_it.o(.text) for NMI_Handler
    startup_stm32f10x_hd.o(RESET) refers to os_cpu_a.o(.text) for OS_CPU_PendSVHandler
    startup_stm32f10x_hd.o(RESET) refers to os_cpu_c.o(.text) for OS_CPU_SysTickHandler
    startup_stm32f10x_hd.o(.text) refers to system_stm32f10x.o(.text) for SystemInit
    startup_stm32f10x_hd.o(.text) refers to entry.o(.ARM.Collect$$$$00000000) for __main
    system_stm32f10x.o(.text) refers to system_stm32f10x.o(.data) for SystemCoreClock
    stm32f10x_adc.o(.text) refers to stm32f10x_rcc.o(.text) for RCC_APB2PeriphResetCmd
    stm32f10x_bkp.o(.text) refers to stm32f10x_rcc.o(.text) for RCC_BackupResetCmd
    stm32f10x_can.o(.text) refers to stm32f10x_rcc.o(.text) for RCC_APB1PeriphResetCmd
    stm32f10x_cec.o(.text) refers to stm32f10x_rcc.o(.text) for RCC_APB1PeriphResetCmd
    stm32f10x_dac.o(.text) refers to stm32f10x_rcc.o(.text) for RCC_APB1PeriphResetCmd
    stm32f10x_gpio.o(.text) refers to stm32f10x_rcc.o(.text) for RCC_APB2PeriphResetCmd
    stm32f10x_i2c.o(.text) refers to stm32f10x_rcc.o(.text) for RCC_APB1PeriphResetCmd
    stm32f10x_pwr.o(.text) refers to stm32f10x_rcc.o(.text) for RCC_APB1PeriphResetCmd
    stm32f10x_rcc.o(.text) refers to stm32f10x_rcc.o(.data) for APBAHBPrescTable
    stm32f10x_spi.o(.text) refers to stm32f10x_rcc.o(.text) for RCC_APB2PeriphResetCmd
    stm32f10x_tim.o(.text) refers to stm32f10x_rcc.o(.text) for RCC_APB2PeriphResetCmd
    stm32f10x_usart.o(.text) refers to stm32f10x_rcc.o(.text) for RCC_APB2PeriphResetCmd
    stm32f10x_wwdg.o(.text) refers to stm32f10x_rcc.o(.text) for RCC_APB1PeriphResetCmd
    os_core.o(.text) refers to os_cpu_a.o(.text) for OS_CPU_SR_Save
    os_core.o(.text) refers to os_core.o(.data) for OSIntNesting
    os_core.o(.text) refers to os_core.o(.constdata) for OSUnMapTbl
    os_core.o(.text) refers to os_core.o(.bss) for OSTCBPrioTbl
    os_core.o(.text) refers to os_task.o(.text) for OSTaskStkChk
    os_core.o(.text) refers to os_time.o(.text) for OSTimeDly
    os_core.o(.text) refers to os_cpu_c.o(.text) for OSTaskStatHook
    os_core.o(.text) refers to os_flag.o(.text) for OS_FlagInit
    os_core.o(.text) refers to os_mem.o(.text) for OS_MemInit
    os_core.o(.text) refers to os_q.o(.text) for OS_QInit
    os_core.o(.text) refers to os_tmr.o(.text) for OSTmr_Init
    os_core.o(.text) refers to os_dbg.o(.text) for OSDebugInit
    os_flag.o(.text) refers to os_cpu_a.o(.text) for OS_CPU_SR_Save
    os_flag.o(.text) refers to os_core.o(.text) for OS_Sched
    os_flag.o(.text) refers to os_core.o(.data) for OSIntNesting
    os_flag.o(.text) refers to os_core.o(.bss) for OSFlagTbl
    os_mbox.o(.text) refers to os_cpu_a.o(.text) for OS_CPU_SR_Save
    os_mbox.o(.text) refers to os_core.o(.text) for OS_EventWaitListInit
    os_mbox.o(.text) refers to os_core.o(.data) for OSIntNesting
    os_mem.o(.text) refers to os_cpu_a.o(.text) for OS_CPU_SR_Save
    os_mem.o(.text) refers to os_core.o(.text) for OS_StrCopy
    os_mem.o(.text) refers to os_core.o(.data) for OSMemFreeList
    os_mem.o(.text) refers to os_core.o(.bss) for OSMemTbl
    os_mutex.o(.text) refers to os_cpu_a.o(.text) for OS_CPU_SR_Save
    os_mutex.o(.text) refers to os_core.o(.text) for OS_EventWaitListInit
    os_mutex.o(.text) refers to os_core.o(.data) for OSIntNesting
    os_mutex.o(.text) refers to os_core.o(.bss) for OSTCBPrioTbl
    os_q.o(.text) refers to os_cpu_a.o(.text) for OS_CPU_SR_Save
    os_q.o(.text) refers to os_core.o(.text) for OS_EventWaitListInit
    os_q.o(.text) refers to os_core.o(.data) for OSIntNesting
    os_q.o(.text) refers to os_core.o(.bss) for OSQTbl
    os_sem.o(.text) refers to os_cpu_a.o(.text) for OS_CPU_SR_Save
    os_sem.o(.text) refers to os_core.o(.text) for OS_EventWaitListInit
    os_sem.o(.text) refers to os_core.o(.data) for OSIntNesting
    os_task.o(.text) refers to os_cpu_a.o(.text) for OS_CPU_SR_Save
    os_task.o(.text) refers to os_core.o(.text) for OS_Sched
    os_task.o(.text) refers to os_cpu_c.o(.text) for OSTaskStkInit
    os_task.o(.text) refers to os_flag.o(.text) for OS_FlagUnlink
    os_task.o(.text) refers to os_core.o(.bss) for OSTCBPrioTbl
    os_task.o(.text) refers to os_core.o(.data) for OSTCBCur
    os_time.o(.text) refers to os_cpu_a.o(.text) for OS_CPU_SR_Save
    os_time.o(.text) refers to os_core.o(.text) for OS_Sched
    os_time.o(.text) refers to os_core.o(.data) for OSIntNesting
    os_time.o(.text) refers to os_core.o(.bss) for OSTCBPrioTbl
    os_tmr.o(.text) refers to os_sem.o(.text) for OSSemPost
    os_tmr.o(.text) refers to os_core.o(.text) for OS_StrLen
    os_tmr.o(.text) refers to os_core.o(.data) for OSTmrSem
    os_tmr.o(.text) refers to os_core.o(.bss) for OSTmrWheelTbl
    os_tmr.o(.text) refers to os_task.o(.text) for OSTaskCreateExt
    os_cpu_a.o(.text) refers to os_core.o(.data) for OSRunning
    os_cpu_a.o(.text) refers to os_cpu_c.o(.text) for OSTaskSwHook
    os_cpu_c.o(.text) refers to os_tmr.o(.text) for OSTmrSignal
    os_cpu_c.o(.text) refers to os_cpu_a.o(.text) for OS_CPU_SR_Save
    os_cpu_c.o(.text) refers to os_core.o(.text) for OSTimeTick
    os_cpu_c.o(.text) refers to os_cpu_c.o(.data) for OSTmrCtr
    os_cpu_c.o(.text) refers to os_core.o(.data) for OSIntNesting
    os_cpu_c.o(.text) refers to system_stm32f10x.o(.data) for SystemCoreClock
    os_dbg.o(.text) refers to os_dbg.o(.constdata) for OSDebugEn
    entry.o(.ARM.Collect$$$$00000000) refers (Special) to entry10a.o(.ARM.Collect$$$$0000000D) for __rt_final_cpp
    entry.o(.ARM.Collect$$$$00000000) refers (Special) to entry11a.o(.ARM.Collect$$$$0000000F) for __rt_final_exit
    entry.o(.ARM.Collect$$$$00000000) refers (Special) to entry7b.o(.ARM.Collect$$$$00000008) for _main_clock
    entry.o(.ARM.Collect$$$$00000000) refers (Special) to entry8b.o(.ARM.Collect$$$$0000000A) for _main_cpp_init
    entry.o(.ARM.Collect$$$$00000000) refers (Special) to entry9a.o(.ARM.Collect$$$$0000000B) for _main_init
    entry.o(.ARM.Collect$$$$00000000) refers (Special) to entry5.o(.ARM.Collect$$$$00000004) for _main_scatterload
    entry.o(.ARM.Collect$$$$00000000) refers (Special) to entry2.o(.ARM.Collect$$$$00000001) for _main_stk
    entry2.o(.ARM.Collect$$$$00000001) refers to entry2.o(.ARM.Collect$$$$00002712) for __lit__00000000
    entry2.o(.ARM.Collect$$$$00002712) refers to startup_stm32f10x_hd.o(STACK) for __initial_sp
    entry2.o(__vectab_stack_and_reset_area) refers to startup_stm32f10x_hd.o(STACK) for __initial_sp
    entry2.o(__vectab_stack_and_reset_area) refers to entry.o(.ARM.Collect$$$$00000000) for __main
    entry5.o(.ARM.Collect$$$$00000004) refers to init.o(.text) for __scatterload
    entry9a.o(.ARM.Collect$$$$0000000B) refers to main.o(.text) for main
    entry9b.o(.ARM.Collect$$$$0000000C) refers to main.o(.text) for main
    init.o(.text) refers to entry5.o(.ARM.Collect$$$$00000004) for __main_after_scatterload


==============================================================================

Removing Unused input sections from the image.

    Removing startup_stm32f10x_hd.o(HEAP), (512 bytes).
    Removing core_cm3.o(.emb_text), (32 bytes).
    Removing misc.o(.text), (220 bytes).
    Removing stm32f10x_adc.o(.text), (1102 bytes).
    Removing stm32f10x_bkp.o(.text), (196 bytes).
    Removing stm32f10x_can.o(.text), (2540 bytes).
    Removing stm32f10x_cec.o(.text), (288 bytes).
    Removing stm32f10x_crc.o(.text), (72 bytes).
    Removing stm32f10x_dac.o(.text), (396 bytes).
    Removing stm32f10x_dbgmcu.o(.text), (48 bytes).
    Removing stm32f10x_dma.o(.text), (592 bytes).
    Removing stm32f10x_exti.o(.text), (284 bytes).
    Removing stm32f10x_flash.o(.text), (1468 bytes).
    Removing stm32f10x_fsmc.o(.text), (1560 bytes).
    Removing stm32f10x_i2c.o(.text), (1028 bytes).
    Removing stm32f10x_iwdg.o(.text), (64 bytes).
    Removing stm32f10x_pwr.o(.text), (204 bytes).
    Removing stm32f10x_rtc.o(.text), (324 bytes).
    Removing stm32f10x_sdio.o(.text), (472 bytes).
    Removing stm32f10x_spi.o(.text), (780 bytes).
    Removing stm32f10x_tim.o(.text), (3610 bytes).
    Removing stm32f10x_usart.o(.text), (1032 bytes).
    Removing stm32f10x_wwdg.o(.text), (136 bytes).
    Removing os_mbox.o(.text), (1102 bytes).
    Removing os_mutex.o(.text), (1668 bytes).

25 unused section(s) (total 19730 bytes) removed from the image.

==============================================================================

Image Symbol Table

    Local Symbols

    Symbol Name                              Value     Ov Type        Size  Object(Section)

    ../clib/microlib/init/entry.s            0x00000000   Number         0  entry11b.o ABSOLUTE
    ../clib/microlib/init/entry.s            0x00000000   Number         0  entry11a.o ABSOLUTE
    ../clib/microlib/init/entry.s            0x00000000   Number         0  entry10b.o ABSOLUTE
    ../clib/microlib/init/entry.s            0x00000000   Number         0  entry10a.o ABSOLUTE
    ../clib/microlib/init/entry.s            0x00000000   Number         0  entry9b.o ABSOLUTE
    ../clib/microlib/init/entry.s            0x00000000   Number         0  entry9a.o ABSOLUTE
    ../clib/microlib/init/entry.s            0x00000000   Number         0  entry8b.o ABSOLUTE
    ../clib/microlib/init/entry.s            0x00000000   Number         0  entry8a.o ABSOLUTE
    ../clib/microlib/init/entry.s            0x00000000   Number         0  entry2.o ABSOLUTE
    ../clib/microlib/init/entry.s            0x00000000   Number         0  entry7b.o ABSOLUTE
    ../clib/microlib/init/entry.s            0x00000000   Number         0  entry7a.o ABSOLUTE
    ../clib/microlib/init/entry.s            0x00000000   Number         0  entry.o ABSOLUTE
    ../clib/microlib/init/entry.s            0x00000000   Number         0  entry5.o ABSOLUTE
    ..\..\APP\app.c                          0x00000000   Number         0  app.o ABSOLUTE
    ..\..\Libraries\CMSIS\core_cm3.c         0x00000000   Number         0  core_cm3.o ABSOLUTE
    ..\..\Libraries\CMSIS\startup\startup_stm32f10x_hd.s 0x00000000   Number         0  startup_stm32f10x_hd.o ABSOLUTE
    ..\..\Libraries\CMSIS\system_stm32f10x.c 0x00000000   Number         0  system_stm32f10x.o ABSOLUTE
    ..\..\Libraries\FWlib\src\misc.c         0x00000000   Number         0  misc.o ABSOLUTE
    ..\..\Libraries\FWlib\src\stm32f10x_adc.c 0x00000000   Number         0  stm32f10x_adc.o ABSOLUTE
    ..\..\Libraries\FWlib\src\stm32f10x_bkp.c 0x00000000   Number         0  stm32f10x_bkp.o ABSOLUTE
    ..\..\Libraries\FWlib\src\stm32f10x_can.c 0x00000000   Number         0  stm32f10x_can.o ABSOLUTE
    ..\..\Libraries\FWlib\src\stm32f10x_cec.c 0x00000000   Number         0  stm32f10x_cec.o ABSOLUTE
    ..\..\Libraries\FWlib\src\stm32f10x_crc.c 0x00000000   Number         0  stm32f10x_crc.o ABSOLUTE
    ..\..\Libraries\FWlib\src\stm32f10x_dac.c 0x00000000   Number         0  stm32f10x_dac.o ABSOLUTE
    ..\..\Libraries\FWlib\src\stm32f10x_dbgmcu.c 0x00000000   Number         0  stm32f10x_dbgmcu.o ABSOLUTE
    ..\..\Libraries\FWlib\src\stm32f10x_dma.c 0x00000000   Number         0  stm32f10x_dma.o ABSOLUTE
    ..\..\Libraries\FWlib\src\stm32f10x_exti.c 0x00000000   Number         0  stm32f10x_exti.o ABSOLUTE
    ..\..\Libraries\FWlib\src\stm32f10x_flash.c 0x00000000   Number         0  stm32f10x_flash.o ABSOLUTE
    ..\..\Libraries\FWlib\src\stm32f10x_fsmc.c 0x00000000   Number         0  stm32f10x_fsmc.o ABSOLUTE
    ..\..\Libraries\FWlib\src\stm32f10x_gpio.c 0x00000000   Number         0  stm32f10x_gpio.o ABSOLUTE
    ..\..\Libraries\FWlib\src\stm32f10x_i2c.c 0x00000000   Number         0  stm32f10x_i2c.o ABSOLUTE
    ..\..\Libraries\FWlib\src\stm32f10x_iwdg.c 0x00000000   Number         0  stm32f10x_iwdg.o ABSOLUTE
    ..\..\Libraries\FWlib\src\stm32f10x_pwr.c 0x00000000   Number         0  stm32f10x_pwr.o ABSOLUTE
    ..\..\Libraries\FWlib\src\stm32f10x_rcc.c 0x00000000   Number         0  stm32f10x_rcc.o ABSOLUTE
    ..\..\Libraries\FWlib\src\stm32f10x_rtc.c 0x00000000   Number         0  stm32f10x_rtc.o ABSOLUTE
    ..\..\Libraries\FWlib\src\stm32f10x_sdio.c 0x00000000   Number         0  stm32f10x_sdio.o ABSOLUTE
    ..\..\Libraries\FWlib\src\stm32f10x_spi.c 0x00000000   Number         0  stm32f10x_spi.o ABSOLUTE
    ..\..\Libraries\FWlib\src\stm32f10x_tim.c 0x00000000   Number         0  stm32f10x_tim.o ABSOLUTE
    ..\..\Libraries\FWlib\src\stm32f10x_usart.c 0x00000000   Number         0  stm32f10x_usart.o ABSOLUTE
    ..\..\Libraries\FWlib\src\stm32f10x_wwdg.c 0x00000000   Number         0  stm32f10x_wwdg.o ABSOLUTE
    ..\..\Micrium\Software\uCOS-II\Ports\arm-cortex-m3\Generic\IAR\os_cpu_a.asm 0x00000000   Number         0  os_cpu_a.o ABSOLUTE
    ..\..\Micrium\Software\uCOS-II\Ports\arm-cortex-m3\Generic\IAR\os_cpu_c.c 0x00000000   Number         0  os_cpu_c.o ABSOLUTE
    ..\..\Micrium\Software\uCOS-II\Ports\arm-cortex-m3\Generic\IAR\os_dbg.c 0x00000000   Number         0  os_dbg.o ABSOLUTE
    ..\..\Micrium\Software\uCOS-II\Source\os_core.c 0x00000000   Number         0  os_core.o ABSOLUTE
    ..\..\Micrium\Software\uCOS-II\Source\os_flag.c 0x00000000   Number         0  os_flag.o ABSOLUTE
    ..\..\Micrium\Software\uCOS-II\Source\os_mbox.c 0x00000000   Number         0  os_mbox.o ABSOLUTE
    ..\..\Micrium\Software\uCOS-II\Source\os_mem.c 0x00000000   Number         0  os_mem.o ABSOLUTE
    ..\..\Micrium\Software\uCOS-II\Source\os_mutex.c 0x00000000   Number         0  os_mutex.o ABSOLUTE
    ..\..\Micrium\Software\uCOS-II\Source\os_q.c 0x00000000   Number         0  os_q.o ABSOLUTE
    ..\..\Micrium\Software\uCOS-II\Source\os_sem.c 0x00000000   Number         0  os_sem.o ABSOLUTE
    ..\..\Micrium\Software\uCOS-II\Source\os_task.c 0x00000000   Number         0  os_task.o ABSOLUTE
    ..\..\Micrium\Software\uCOS-II\Source\os_time.c 0x00000000   Number         0  os_time.o ABSOLUTE
    ..\..\Micrium\Software\uCOS-II\Source\os_tmr.c 0x00000000   Number         0  os_tmr.o ABSOLUTE
    ..\..\User\main.c                        0x00000000   Number         0  main.o ABSOLUTE
    ..\..\User\stm32f10x_it.c                0x00000000   Number         0  stm32f10x_it.o ABSOLUTE
    ..\\..\\Libraries\\CMSIS\\core_cm3.c     0x00000000   Number         0  core_cm3.o ABSOLUTE
    dc.s                                     0x00000000   Number         0  dc.o ABSOLUTE
    handlers.s                               0x00000000   Number         0  handlers.o ABSOLUTE
    init.s                                   0x00000000   Number         0  init.o ABSOLUTE
    RESET                                    0x08000000   Section      304  startup_stm32f10x_hd.o(RESET)
    .ARM.Collect$$$$00000000                 0x08000130   Section        0  entry.o(.ARM.Collect$$$$00000000)
    .ARM.Collect$$$$00000001                 0x08000130   Section        4  entry2.o(.ARM.Collect$$$$00000001)
    .ARM.Collect$$$$00000004                 0x08000134   Section        4  entry5.o(.ARM.Collect$$$$00000004)
    .ARM.Collect$$$$00000008                 0x08000138   Section        0  entry7b.o(.ARM.Collect$$$$00000008)
    .ARM.Collect$$$$0000000A                 0x08000138   Section        0  entry8b.o(.ARM.Collect$$$$0000000A)
    .ARM.Collect$$$$0000000B                 0x08000138   Section        8  entry9a.o(.ARM.Collect$$$$0000000B)
    .ARM.Collect$$$$0000000D                 0x08000140   Section        0  entry10a.o(.ARM.Collect$$$$0000000D)
    .ARM.Collect$$$$0000000F                 0x08000140   Section        0  entry11a.o(.ARM.Collect$$$$0000000F)
    .ARM.Collect$$$$00002712                 0x08000140   Section        4  entry2.o(.ARM.Collect$$$$00002712)
    __lit__00000000                          0x08000140   Data           4  entry2.o(.ARM.Collect$$$$00002712)
    .text                                    0x08000144   Section        0  main.o(.text)
    task2                                    0x08000155   Thumb Code    44  main.o(.text)
    task1                                    0x08000181   Thumb Code    42  main.o(.text)
    startup_task                             0x08000205   Thumb Code    36  main.o(.text)
    .text                                    0x0800025c   Section        0  stm32f10x_it.o(.text)
    .text                                    0x08000278   Section       36  startup_stm32f10x_hd.o(.text)
    .text                                    0x0800029c   Section        0  system_stm32f10x.o(.text)
    SetSysClockTo72                          0x0800029d   Thumb Code   212  system_stm32f10x.o(.text)
    SetSysClock                              0x08000371   Thumb Code     8  system_stm32f10x.o(.text)
    .text                                    0x08000478   Section        0  stm32f10x_gpio.o(.text)
    .text                                    0x080007d0   Section        0  stm32f10x_rcc.o(.text)
    .text                                    0x08000b74   Section        0  os_core.o(.text)
    OS_SchedNew                              0x08000ceb   Thumb Code    26  os_core.o(.text)
    OS_InitTaskStat                          0x08001185   Thumb Code    52  os_core.o(.text)
    OS_InitTaskIdle                          0x080011d9   Thumb Code    52  os_core.o(.text)
    OS_InitEventList                         0x0800121f   Thumb Code    70  os_core.o(.text)
    OS_InitTCBList                           0x08001265   Thumb Code    86  os_core.o(.text)
    OS_InitRdyList                           0x080012bb   Thumb Code    46  os_core.o(.text)
    OS_InitMisc                              0x080012e9   Thumb Code    44  os_core.o(.text)
    .text                                    0x080018fc   Section        0  os_flag.o(.text)
    OS_FlagTaskRdy                           0x08001a8f   Thumb Code    96  os_flag.o(.text)
    OS_FlagBlock                             0x08001cc5   Thumb Code   152  os_flag.o(.text)
    .text                                    0x080021c4   Section        0  os_mem.o(.text)
    .text                                    0x0800244c   Section        0  os_q.o(.text)
    .text                                    0x08002ab4   Section        0  os_sem.o(.text)
    .text                                    0x08002ec4   Section        0  os_task.o(.text)
    .text                                    0x08003754   Section        0  os_time.o(.text)
    .text                                    0x0800394c   Section        0  os_tmr.o(.text)
    OSTmr_Unlock                             0x0800394d   Thumb Code    12  os_tmr.o(.text)
    OSTmr_Alloc                              0x08003959   Thumb Code    50  os_tmr.o(.text)
    OSTmr_Lock                               0x0800398b   Thumb Code    16  os_tmr.o(.text)
    OSTmr_Free                               0x08003a63   Thumb Code    66  os_tmr.o(.text)
    OSTmr_Unlink                             0x08003aa5   Thumb Code    62  os_tmr.o(.text)
    OSTmr_Link                               0x08003d1d   Thumb Code   130  os_tmr.o(.text)
    OSTmr_Task                               0x08003f07   Thumb Code   112  os_tmr.o(.text)
    OSTmr_InitTask                           0x08003f77   Thumb Code    50  os_tmr.o(.text)
    .text                                    0x080040a4   Section      164  os_cpu_a.o(.text)
    .text                                    0x08004148   Section        0  os_cpu_c.o(.text)
    .text                                    0x08004280   Section        0  os_dbg.o(.text)
    .text                                    0x08004394   Section       36  init.o(.text)
    i.__scatterload_copy                     0x080043b8   Section       14  handlers.o(i.__scatterload_copy)
    i.__scatterload_null                     0x080043c6   Section        2  handlers.o(i.__scatterload_null)
    i.__scatterload_zeroinit                 0x080043c8   Section       14  handlers.o(i.__scatterload_zeroinit)
    .constdata                               0x080043d6   Section      256  os_core.o(.constdata)
    .constdata                               0x080044d8   Section       94  os_dbg.o(.constdata)
    .data                                    0x20000000   Section       20  system_stm32f10x.o(.data)
    .data                                    0x20000014   Section       20  stm32f10x_rcc.o(.data)
    APBAHBPrescTable                         0x20000014   Data          16  stm32f10x_rcc.o(.data)
    ADCPrescTable                            0x20000024   Data           4  stm32f10x_rcc.o(.data)
    .data                                    0x20000028   Section       92  os_core.o(.data)
    .data                                    0x20000084   Section        2  os_cpu_c.o(.data)
    OSTmrCtr                                 0x20000084   Data           2  os_cpu_c.o(.data)
    .bss                                     0x20000088   Section     1024  main.o(.bss)
    task1_stk                                0x20000088   Data         512  main.o(.bss)
    task2_stk                                0x20000288   Data         512  main.o(.bss)
    .bss                                     0x20000488   Section     4952  os_core.o(.bss)
    STACK                                    0x200017e0   Section     1024  startup_stm32f10x_hd.o(STACK)

    Global Symbols

    Symbol Name                              Value     Ov Type        Size  Object(Section)

    BuildAttributes$$THM_ISAv4$P$D$K$B$S$PE$A:L22UL41UL21$X:L11$S22US41US21$IEEE1$IW$USESV6$~STKCKD$USESV7$~SHL$OSPACE$EBA8$MICROLIB$REQ8$PRES8$EABIv2 0x00000000   Number         0  anon$$obj.o ABSOLUTE
    __ARM_use_no_argv                        0x00000000   Number         0  main.o ABSOLUTE
    __cpp_initialize__aeabi_                  - Undefined Weak Reference
    __cxa_finalize                            - Undefined Weak Reference
    __decompress                              - Undefined Weak Reference
    _clock_init                               - Undefined Weak Reference
    _microlib_exit                            - Undefined Weak Reference
    __Vectors_Size                           0x00000130   Number         0  startup_stm32f10x_hd.o ABSOLUTE
    __Vectors                                0x08000000   Data           4  startup_stm32f10x_hd.o(RESET)
    __Vectors_End                            0x08000130   Data           0  startup_stm32f10x_hd.o(RESET)
    __main                                   0x08000131   Thumb Code     0  entry.o(.ARM.Collect$$$$00000000)
    _main_stk                                0x08000131   Thumb Code     0  entry2.o(.ARM.Collect$$$$00000001)
    _main_scatterload                        0x08000135   Thumb Code     0  entry5.o(.ARM.Collect$$$$00000004)
    __main_after_scatterload                 0x08000139   Thumb Code     0  entry5.o(.ARM.Collect$$$$00000004)
    _main_clock                              0x08000139   Thumb Code     0  entry7b.o(.ARM.Collect$$$$00000008)
    _main_cpp_init                           0x08000139   Thumb Code     0  entry8b.o(.ARM.Collect$$$$0000000A)
    _main_init                               0x08000139   Thumb Code     0  entry9a.o(.ARM.Collect$$$$0000000B)
    __rt_final_cpp                           0x08000141   Thumb Code     0  entry10a.o(.ARM.Collect$$$$0000000D)
    __rt_final_exit                          0x08000141   Thumb Code     0  entry11a.o(.ARM.Collect$$$$0000000F)
    delay                                    0x08000145   Thumb Code    16  main.o(.text)
    led_config                               0x080001ab   Thumb Code    90  main.o(.text)
    main                                     0x08000229   Thumb Code    18  main.o(.text)
    NMI_Handler                              0x0800025d   Thumb Code     2  stm32f10x_it.o(.text)
    HardFault_Handler                        0x0800025f   Thumb Code     4  stm32f10x_it.o(.text)
    MemManage_Handler                        0x08000263   Thumb Code     4  stm32f10x_it.o(.text)
    BusFault_Handler                         0x08000267   Thumb Code     4  stm32f10x_it.o(.text)
    UsageFault_Handler                       0x0800026b   Thumb Code     4  stm32f10x_it.o(.text)
    SVC_Handler                              0x0800026f   Thumb Code     2  stm32f10x_it.o(.text)
    DebugMon_Handler                         0x08000271   Thumb Code     2  stm32f10x_it.o(.text)
    PendSV_Handler                           0x08000273   Thumb Code     2  stm32f10x_it.o(.text)
    SysTick_Handler                          0x08000275   Thumb Code     2  stm32f10x_it.o(.text)
    Reset_Handler                            0x08000279   Thumb Code     8  startup_stm32f10x_hd.o(.text)
    ADC1_2_IRQHandler                        0x08000293   Thumb Code     0  startup_stm32f10x_hd.o(.text)
    ADC3_IRQHandler                          0x08000293   Thumb Code     0  startup_stm32f10x_hd.o(.text)
    CAN1_RX1_IRQHandler                      0x08000293   Thumb Code     0  startup_stm32f10x_hd.o(.text)
    CAN1_SCE_IRQHandler                      0x08000293   Thumb Code     0  startup_stm32f10x_hd.o(.text)
    DMA1_Channel1_IRQHandler                 0x08000293   Thumb Code     0  startup_stm32f10x_hd.o(.text)
    DMA1_Channel2_IRQHandler                 0x08000293   Thumb Code     0  startup_stm32f10x_hd.o(.text)
    DMA1_Channel3_IRQHandler                 0x08000293   Thumb Code     0  startup_stm32f10x_hd.o(.text)
    DMA1_Channel4_IRQHandler                 0x08000293   Thumb Code     0  startup_stm32f10x_hd.o(.text)
    DMA1_Channel5_IRQHandler                 0x08000293   Thumb Code     0  startup_stm32f10x_hd.o(.text)
    DMA1_Channel6_IRQHandler                 0x08000293   Thumb Code     0  startup_stm32f10x_hd.o(.text)
    DMA1_Channel7_IRQHandler                 0x08000293   Thumb Code     0  startup_stm32f10x_hd.o(.text)
    DMA2_Channel1_IRQHandler                 0x08000293   Thumb Code     0  startup_stm32f10x_hd.o(.text)
    DMA2_Channel2_IRQHandler                 0x08000293   Thumb Code     0  startup_stm32f10x_hd.o(.text)
    DMA2_Channel3_IRQHandler                 0x08000293   Thumb Code     0  startup_stm32f10x_hd.o(.text)
    DMA2_Channel4_5_IRQHandler               0x08000293   Thumb Code     0  startup_stm32f10x_hd.o(.text)
    EXTI0_IRQHandler                         0x08000293   Thumb Code     0  startup_stm32f10x_hd.o(.text)
    EXTI15_10_IRQHandler                     0x08000293   Thumb Code     0  startup_stm32f10x_hd.o(.text)
    EXTI1_IRQHandler                         0x08000293   Thumb Code     0  startup_stm32f10x_hd.o(.text)
    EXTI2_IRQHandler                         0x08000293   Thumb Code     0  startup_stm32f10x_hd.o(.text)
    EXTI3_IRQHandler                         0x08000293   Thumb Code     0  startup_stm32f10x_hd.o(.text)
    EXTI4_IRQHandler                         0x08000293   Thumb Code     0  startup_stm32f10x_hd.o(.text)
    EXTI9_5_IRQHandler                       0x08000293   Thumb Code     0  startup_stm32f10x_hd.o(.text)
    FLASH_IRQHandler                         0x08000293   Thumb Code     0  startup_stm32f10x_hd.o(.text)
    FSMC_IRQHandler                          0x08000293   Thumb Code     0  startup_stm32f10x_hd.o(.text)
    I2C1_ER_IRQHandler                       0x08000293   Thumb Code     0  startup_stm32f10x_hd.o(.text)
    I2C1_EV_IRQHandler                       0x08000293   Thumb Code     0  startup_stm32f10x_hd.o(.text)
    I2C2_ER_IRQHandler                       0x08000293   Thumb Code     0  startup_stm32f10x_hd.o(.text)
    I2C2_EV_IRQHandler                       0x08000293   Thumb Code     0  startup_stm32f10x_hd.o(.text)
    PVD_IRQHandler                           0x08000293   Thumb Code     0  startup_stm32f10x_hd.o(.text)
    RCC_IRQHandler                           0x08000293   Thumb Code     0  startup_stm32f10x_hd.o(.text)
    RTCAlarm_IRQHandler                      0x08000293   Thumb Code     0  startup_stm32f10x_hd.o(.text)
    RTC_IRQHandler                           0x08000293   Thumb Code     0  startup_stm32f10x_hd.o(.text)
    SDIO_IRQHandler                          0x08000293   Thumb Code     0  startup_stm32f10x_hd.o(.text)
    SPI1_IRQHandler                          0x08000293   Thumb Code     0  startup_stm32f10x_hd.o(.text)
    SPI2_IRQHandler                          0x08000293   Thumb Code     0  startup_stm32f10x_hd.o(.text)
    SPI3_IRQHandler                          0x08000293   Thumb Code     0  startup_stm32f10x_hd.o(.text)
    TAMPER_IRQHandler                        0x08000293   Thumb Code     0  startup_stm32f10x_hd.o(.text)
    TIM1_BRK_IRQHandler                      0x08000293   Thumb Code     0  startup_stm32f10x_hd.o(.text)
    TIM1_CC_IRQHandler                       0x08000293   Thumb Code     0  startup_stm32f10x_hd.o(.text)
    TIM1_TRG_COM_IRQHandler                  0x08000293   Thumb Code     0  startup_stm32f10x_hd.o(.text)
    TIM1_UP_IRQHandler                       0x08000293   Thumb Code     0  startup_stm32f10x_hd.o(.text)
    TIM2_IRQHandler                          0x08000293   Thumb Code     0  startup_stm32f10x_hd.o(.text)
    TIM3_IRQHandler                          0x08000293   Thumb Code     0  startup_stm32f10x_hd.o(.text)
    TIM4_IRQHandler                          0x08000293   Thumb Code     0  startup_stm32f10x_hd.o(.text)
    TIM5_IRQHandler                          0x08000293   Thumb Code     0  startup_stm32f10x_hd.o(.text)
    TIM6_IRQHandler                          0x08000293   Thumb Code     0  startup_stm32f10x_hd.o(.text)
    TIM7_IRQHandler                          0x08000293   Thumb Code     0  startup_stm32f10x_hd.o(.text)
    TIM8_BRK_IRQHandler                      0x08000293   Thumb Code     0  startup_stm32f10x_hd.o(.text)
    TIM8_CC_IRQHandler                       0x08000293   Thumb Code     0  startup_stm32f10x_hd.o(.text)
    TIM8_TRG_COM_IRQHandler                  0x08000293   Thumb Code     0  startup_stm32f10x_hd.o(.text)
    TIM8_UP_IRQHandler                       0x08000293   Thumb Code     0  startup_stm32f10x_hd.o(.text)
    UART4_IRQHandler                         0x08000293   Thumb Code     0  startup_stm32f10x_hd.o(.text)
    UART5_IRQHandler                         0x08000293   Thumb Code     0  startup_stm32f10x_hd.o(.text)
    USART1_IRQHandler                        0x08000293   Thumb Code     0  startup_stm32f10x_hd.o(.text)
    USART2_IRQHandler                        0x08000293   Thumb Code     0  startup_stm32f10x_hd.o(.text)
    USART3_IRQHandler                        0x08000293   Thumb Code     0  startup_stm32f10x_hd.o(.text)
    USBWakeUp_IRQHandler                     0x08000293   Thumb Code     0  startup_stm32f10x_hd.o(.text)
    USB_HP_CAN1_TX_IRQHandler                0x08000293   Thumb Code     0  startup_stm32f10x_hd.o(.text)
    USB_LP_CAN1_RX0_IRQHandler               0x08000293   Thumb Code     0  startup_stm32f10x_hd.o(.text)
    WWDG_IRQHandler                          0x08000293   Thumb Code     0  startup_stm32f10x_hd.o(.text)
    SystemInit                               0x08000379   Thumb Code    78  system_stm32f10x.o(.text)
    SystemCoreClockUpdate                    0x080003c7   Thumb Code   142  system_stm32f10x.o(.text)
    GPIO_DeInit                              0x08000479   Thumb Code   172  stm32f10x_gpio.o(.text)
    GPIO_AFIODeInit                          0x08000525   Thumb Code    20  stm32f10x_gpio.o(.text)
    GPIO_Init                                0x08000539   Thumb Code   274  stm32f10x_gpio.o(.text)
    GPIO_StructInit                          0x0800064b   Thumb Code    16  stm32f10x_gpio.o(.text)
    GPIO_ReadInputDataBit                    0x0800065b   Thumb Code    18  stm32f10x_gpio.o(.text)
    GPIO_ReadInputData                       0x0800066d   Thumb Code     8  stm32f10x_gpio.o(.text)
    GPIO_ReadOutputDataBit                   0x08000675   Thumb Code    18  stm32f10x_gpio.o(.text)
    GPIO_ReadOutputData                      0x08000687   Thumb Code     8  stm32f10x_gpio.o(.text)
    GPIO_SetBits                             0x0800068f   Thumb Code     4  stm32f10x_gpio.o(.text)
    GPIO_ResetBits                           0x08000693   Thumb Code     4  stm32f10x_gpio.o(.text)
    GPIO_WriteBit                            0x08000697   Thumb Code    10  stm32f10x_gpio.o(.text)
    GPIO_Write                               0x080006a1   Thumb Code     4  stm32f10x_gpio.o(.text)
    GPIO_PinLockConfig                       0x080006a5   Thumb Code    18  stm32f10x_gpio.o(.text)
    GPIO_EventOutputConfig                   0x080006b7   Thumb Code    26  stm32f10x_gpio.o(.text)
    GPIO_EventOutputCmd                      0x080006d1   Thumb Code     6  stm32f10x_gpio.o(.text)
    GPIO_PinRemapConfig                      0x080006d7   Thumb Code   138  stm32f10x_gpio.o(.text)
    GPIO_EXTILineConfig                      0x08000761   Thumb Code    66  stm32f10x_gpio.o(.text)
    GPIO_ETH_MediaInterfaceConfig            0x080007a3   Thumb Code     6  stm32f10x_gpio.o(.text)
    RCC_DeInit                               0x080007d1   Thumb Code    64  stm32f10x_rcc.o(.text)
    RCC_HSEConfig                            0x08000811   Thumb Code    70  stm32f10x_rcc.o(.text)
    RCC_GetFlagStatus                        0x08000857   Thumb Code    56  stm32f10x_rcc.o(.text)
    RCC_WaitForHSEStartUp                    0x0800088f   Thumb Code    56  stm32f10x_rcc.o(.text)
    RCC_AdjustHSICalibrationValue            0x080008c7   Thumb Code    20  stm32f10x_rcc.o(.text)
    RCC_HSICmd                               0x080008db   Thumb Code     6  stm32f10x_rcc.o(.text)
    RCC_PLLConfig                            0x080008e1   Thumb Code    24  stm32f10x_rcc.o(.text)
    RCC_PLLCmd                               0x080008f9   Thumb Code     6  stm32f10x_rcc.o(.text)
    RCC_SYSCLKConfig                         0x080008ff   Thumb Code    18  stm32f10x_rcc.o(.text)
    RCC_GetSYSCLKSource                      0x08000911   Thumb Code    10  stm32f10x_rcc.o(.text)
    RCC_HCLKConfig                           0x0800091b   Thumb Code    18  stm32f10x_rcc.o(.text)
    RCC_PCLK1Config                          0x0800092d   Thumb Code    18  stm32f10x_rcc.o(.text)
    RCC_PCLK2Config                          0x0800093f   Thumb Code    20  stm32f10x_rcc.o(.text)
    RCC_ITConfig                             0x08000953   Thumb Code    26  stm32f10x_rcc.o(.text)
    RCC_USBCLKConfig                         0x0800096d   Thumb Code     6  stm32f10x_rcc.o(.text)
    RCC_ADCCLKConfig                         0x08000973   Thumb Code    18  stm32f10x_rcc.o(.text)
    RCC_LSEConfig                            0x08000985   Thumb Code    44  stm32f10x_rcc.o(.text)
    RCC_LSICmd                               0x080009b1   Thumb Code     6  stm32f10x_rcc.o(.text)
    RCC_RTCCLKConfig                         0x080009b7   Thumb Code    12  stm32f10x_rcc.o(.text)
    RCC_RTCCLKCmd                            0x080009c3   Thumb Code     8  stm32f10x_rcc.o(.text)
    RCC_GetClocksFreq                        0x080009cb   Thumb Code   192  stm32f10x_rcc.o(.text)
    RCC_AHBPeriphClockCmd                    0x08000a8b   Thumb Code    26  stm32f10x_rcc.o(.text)
    RCC_APB2PeriphClockCmd                   0x08000aa5   Thumb Code    26  stm32f10x_rcc.o(.text)
    RCC_APB1PeriphClockCmd                   0x08000abf   Thumb Code    26  stm32f10x_rcc.o(.text)
    RCC_APB2PeriphResetCmd                   0x08000ad9   Thumb Code    26  stm32f10x_rcc.o(.text)
    RCC_APB1PeriphResetCmd                   0x08000af3   Thumb Code    26  stm32f10x_rcc.o(.text)
    RCC_BackupResetCmd                       0x08000b0d   Thumb Code     8  stm32f10x_rcc.o(.text)
    RCC_ClockSecuritySystemCmd               0x08000b15   Thumb Code     6  stm32f10x_rcc.o(.text)
    RCC_MCOConfig                            0x08000b1b   Thumb Code     6  stm32f10x_rcc.o(.text)
    RCC_ClearFlag                            0x08000b21   Thumb Code    14  stm32f10x_rcc.o(.text)
    RCC_GetITStatus                          0x08000b2f   Thumb Code    20  stm32f10x_rcc.o(.text)
    RCC_ClearITPendingBit                    0x08000b43   Thumb Code     6  stm32f10x_rcc.o(.text)
    OS_StrCopy                               0x08000b75   Thumb Code    28  os_core.o(.text)
    OSEventNameGet                           0x08000b91   Thumb Code   126  os_core.o(.text)
    OS_StrLen                                0x08000c0f   Thumb Code    20  os_core.o(.text)
    OSEventNameSet                           0x08000c23   Thumb Code   140  os_core.o(.text)
    OS_EventTaskRemoveMulti                  0x08000caf   Thumb Code    60  os_core.o(.text)
    OS_Sched                                 0x08000d05   Thumb Code    86  os_core.o(.text)
    OS_EventTaskWaitMulti                    0x08000d5b   Thumb Code   136  os_core.o(.text)
    OSEventPendMulti                         0x08000de3   Thumb Code   762  os_core.o(.text)
    OS_TaskStatStkChk                        0x080010dd   Thumb Code    54  os_core.o(.text)
    OS_TaskStat                              0x08001113   Thumb Code   114  os_core.o(.text)
    OS_TaskIdle                              0x080011b9   Thumb Code    32  os_core.o(.text)
    OS_MemClr                                0x0800120d   Thumb Code    18  os_core.o(.text)
    OSInit                                   0x08001315   Thumb Code    56  os_core.o(.text)
    OSIntEnter                               0x0800134d   Thumb Code    28  os_core.o(.text)
    OSIntExit                                0x08001369   Thumb Code   252  os_core.o(.text)
    OSSchedLock                              0x08001465   Thumb Code    50  os_core.o(.text)
    OSSchedUnlock                            0x08001497   Thumb Code    84  os_core.o(.text)
    OSStart                                  0x080014eb   Thumb Code    48  os_core.o(.text)
    OSStatInit                               0x0800151b   Thumb Code    62  os_core.o(.text)
    OSTimeTick                               0x08001559   Thumb Code   220  os_core.o(.text)
    OSVersion                                0x08001635   Thumb Code     6  os_core.o(.text)
    OS_Dummy                                 0x0800163b   Thumb Code     2  os_core.o(.text)
    OS_EventTaskRemove                       0x0800163d   Thumb Code    42  os_core.o(.text)
    OS_EventTaskRdy                          0x08001667   Thumb Code   132  os_core.o(.text)
    OS_EventTaskWait                         0x080016eb   Thumb Code   112  os_core.o(.text)
    OS_EventWaitListInit                     0x0800175b   Thumb Code    28  os_core.o(.text)
    OS_MemCopy                               0x08001777   Thumb Code    20  os_core.o(.text)
    OS_TCBInit                               0x0800178b   Thumb Code   356  os_core.o(.text)
    OSFlagAccept                             0x080018fd   Thumb Code   268  os_flag.o(.text)
    OSFlagCreate                             0x08001a09   Thumb Code    98  os_flag.o(.text)
    OS_FlagUnlink                            0x08001a6b   Thumb Code    36  os_flag.o(.text)
    OSFlagDel                                0x08001aef   Thumb Code   240  os_flag.o(.text)
    OSFlagNameGet                            0x08001bdf   Thumb Code   108  os_flag.o(.text)
    OSFlagNameSet                            0x08001c4b   Thumb Code   122  os_flag.o(.text)
    OSFlagPend                               0x08001d5d   Thumb Code   630  os_flag.o(.text)
    OSFlagPendGetFlagsRdy                    0x08001fd3   Thumb Code    26  os_flag.o(.text)
    OSFlagPost                               0x08001fed   Thumb Code   326  os_flag.o(.text)
    OSFlagQuery                              0x08002133   Thumb Code    64  os_flag.o(.text)
    OS_FlagInit                              0x08002173   Thumb Code    68  os_flag.o(.text)
    OSMemCreate                              0x080021c5   Thumb Code   166  os_mem.o(.text)
    OSMemGet                                 0x0800226b   Thumb Code    78  os_mem.o(.text)
    OSMemNameGet                             0x080022b9   Thumb Code    88  os_mem.o(.text)
    OSMemNameSet                             0x08002311   Thumb Code   104  os_mem.o(.text)
    OSMemPut                                 0x08002379   Thumb Code    66  os_mem.o(.text)
    OSMemQuery                               0x080023bb   Thumb Code    64  os_mem.o(.text)
    OS_MemInit                               0x080023fb   Thumb Code    68  os_mem.o(.text)
    OSQAccept                                0x0800244d   Thumb Code   106  os_q.o(.text)
    OSQCreate                                0x080024b7   Thumb Code   150  os_q.o(.text)
    OSQDel                                   0x0800254d   Thumb Code   270  os_q.o(.text)
    OSQFlush                                 0x0800265b   Thumb Code    52  os_q.o(.text)
    OSQPend                                  0x0800268f   Thumb Code   300  os_q.o(.text)
    OSQPendAbort                             0x080027bb   Thumb Code   144  os_q.o(.text)
    OSQPost                                  0x0800284b   Thumb Code   142  os_q.o(.text)
    OSQPostFront                             0x080028d9   Thumb Code   122  os_q.o(.text)
    OSQPostOpt                               0x08002953   Thumb Code   188  os_q.o(.text)
    OSQQuery                                 0x08002a0f   Thumb Code   112  os_q.o(.text)
    OS_QInit                                 0x08002a7f   Thumb Code    46  os_q.o(.text)
    OSSemAccept                              0x08002ab5   Thumb Code    50  os_sem.o(.text)
    OSSemCreate                              0x08002ae7   Thumb Code    78  os_sem.o(.text)
    OSSemDel                                 0x08002b35   Thumb Code   236  os_sem.o(.text)
    OSSemPend                                0x08002c21   Thumb Code   246  os_sem.o(.text)
    OSSemPendAbort                           0x08002d17   Thumb Code   144  os_sem.o(.text)
    OSSemPost                                0x08002da7   Thumb Code    94  os_sem.o(.text)
    OSSemQuery                               0x08002e05   Thumb Code    94  os_sem.o(.text)
    OSSemSet                                 0x08002e63   Thumb Code    80  os_sem.o(.text)
    OSTaskChangePrio                         0x08002ec5   Thumb Code   420  os_task.o(.text)
    OSTaskCreate                             0x08003069   Thumb Code   158  os_task.o(.text)
    OS_TaskStkClr                            0x08003107   Thumb Code    26  os_task.o(.text)
    OSTaskCreateExt                          0x08003121   Thumb Code   180  os_task.o(.text)
    OSTaskDel                                0x080031d5   Thumb Code   368  os_task.o(.text)
    OSTaskDelReq                             0x08003345   Thumb Code   112  os_task.o(.text)
    OSTaskNameGet                            0x080033b5   Thumb Code   148  os_task.o(.text)
    OSTaskNameSet                            0x08003449   Thumb Code   160  os_task.o(.text)
    OSTaskResume                             0x080034e9   Thumb Code   168  os_task.o(.text)
    OSTaskStkChk                             0x08003591   Thumb Code   150  os_task.o(.text)
    OSTaskSuspend                            0x08003627   Thumb Code   172  os_task.o(.text)
    OSTaskQuery                              0x080036d3   Thumb Code   128  os_task.o(.text)
    OSTimeDly                                0x08003755   Thumb Code    96  os_time.o(.text)
    OSTimeDlyHMSM                            0x080037b5   Thumb Code   160  os_time.o(.text)
    OSTimeDlyResume                          0x08003855   Thumb Code   176  os_time.o(.text)
    OSTimeGet                                0x08003905   Thumb Code    24  os_time.o(.text)
    OSTimeSet                                0x0800391d   Thumb Code    24  os_time.o(.text)
    OSTmrCreate                              0x0800399b   Thumb Code   200  os_tmr.o(.text)
    OSTmrDel                                 0x08003ae3   Thumb Code   142  os_tmr.o(.text)
    OSTmrNameGet                             0x08003b71   Thumb Code   142  os_tmr.o(.text)
    OSTmrRemainGet                           0x08003bff   Thumb Code   182  os_tmr.o(.text)
    OSTmrStateGet                            0x08003cb5   Thumb Code   104  os_tmr.o(.text)
    OSTmrStart                               0x08003d9f   Thumb Code   146  os_tmr.o(.text)
    OSTmrStop                                0x08003e31   Thumb Code   198  os_tmr.o(.text)
    OSTmrSignal                              0x08003ef7   Thumb Code    16  os_tmr.o(.text)
    OSTmr_Init                               0x08003fa9   Thumb Code   162  os_tmr.o(.text)
    OS_CPU_SR_Save                           0x080040a5   Thumb Code     0  os_cpu_a.o(.text)
    OS_CPU_SR_Restore                        0x080040ad   Thumb Code     0  os_cpu_a.o(.text)
    OSStartHighRdy                           0x080040b3   Thumb Code     0  os_cpu_a.o(.text)
    OSCtxSw                                  0x080040d3   Thumb Code     0  os_cpu_a.o(.text)
    OSIntCtxSw                               0x080040dd   Thumb Code     0  os_cpu_a.o(.text)
    OS_CPU_PendSVHandler                     0x080040e7   Thumb Code     0  os_cpu_a.o(.text)
    OSInitHookBegin                          0x08004149   Thumb Code     8  os_cpu_c.o(.text)
    OSInitHookEnd                            0x08004151   Thumb Code     2  os_cpu_c.o(.text)
    OSTaskCreateHook                         0x08004153   Thumb Code     2  os_cpu_c.o(.text)
    OSTaskDelHook                            0x08004155   Thumb Code     2  os_cpu_c.o(.text)
    OSTaskIdleHook                           0x08004157   Thumb Code     2  os_cpu_c.o(.text)
    OSTaskStatHook                           0x08004159   Thumb Code     2  os_cpu_c.o(.text)
    OSTaskStkInit                            0x0800415b   Thumb Code   154  os_cpu_c.o(.text)
    OSTaskSwHook                             0x080041f5   Thumb Code     2  os_cpu_c.o(.text)
    OSTCBInitHook                            0x080041f7   Thumb Code     2  os_cpu_c.o(.text)
    OSTimeTickHook                           0x080041f9   Thumb Code    30  os_cpu_c.o(.text)
    OS_CPU_SysTickHandler                    0x08004217   Thumb Code    34  os_cpu_c.o(.text)
    OS_CPU_SysTickInit                       0x08004239   Thumb Code    54  os_cpu_c.o(.text)
    OSDebugInit                              0x08004281   Thumb Code    94  os_dbg.o(.text)
    __scatterload                            0x08004395   Thumb Code    28  init.o(.text)
    __scatterload_rt2                        0x08004395   Thumb Code     0  init.o(.text)
    __scatterload_copy                       0x080043b9   Thumb Code    14  handlers.o(i.__scatterload_copy)
    __scatterload_null                       0x080043c7   Thumb Code     2  handlers.o(i.__scatterload_null)
    __scatterload_zeroinit                   0x080043c9   Thumb Code    14  handlers.o(i.__scatterload_zeroinit)
    OSUnMapTbl                               0x080043d6   Data         256  os_core.o(.constdata)
    OSDebugEn                                0x080044d8   Data           2  os_dbg.o(.constdata)
    OSEndiannessTest                         0x080044dc   Data           4  os_dbg.o(.constdata)
    OSEventMax                               0x080044e0   Data           2  os_dbg.o(.constdata)
    OSEventNameSize                          0x080044e2   Data           2  os_dbg.o(.constdata)
    OSEventEn                                0x080044e4   Data           2  os_dbg.o(.constdata)
    OSEventSize                              0x080044e6   Data           2  os_dbg.o(.constdata)
    OSEventTblSize                           0x080044e8   Data           2  os_dbg.o(.constdata)
    OSFlagEn                                 0x080044ea   Data           2  os_dbg.o(.constdata)
    OSFlagGrpSize                            0x080044ec   Data           2  os_dbg.o(.constdata)
    OSFlagNodeSize                           0x080044ee   Data           2  os_dbg.o(.constdata)
    OSFlagWidth                              0x080044f0   Data           2  os_dbg.o(.constdata)
    OSFlagMax                                0x080044f2   Data           2  os_dbg.o(.constdata)
    OSFlagNameSize                           0x080044f4   Data           2  os_dbg.o(.constdata)
    OSLowestPrio                             0x080044f6   Data           2  os_dbg.o(.constdata)
    OSMboxEn                                 0x080044f8   Data           2  os_dbg.o(.constdata)
    OSMemEn                                  0x080044fa   Data           2  os_dbg.o(.constdata)
    OSMemMax                                 0x080044fc   Data           2  os_dbg.o(.constdata)
    OSMemNameSize                            0x080044fe   Data           2  os_dbg.o(.constdata)
    OSMemSize                                0x08004500   Data           2  os_dbg.o(.constdata)
    OSMemTblSize                             0x08004502   Data           2  os_dbg.o(.constdata)
    OSMutexEn                                0x08004504   Data           2  os_dbg.o(.constdata)
    OSPtrSize                                0x08004506   Data           2  os_dbg.o(.constdata)
    OSQEn                                    0x08004508   Data           2  os_dbg.o(.constdata)
    OSQMax                                   0x0800450a   Data           2  os_dbg.o(.constdata)
    OSQSize                                  0x0800450c   Data           2  os_dbg.o(.constdata)
    OSRdyTblSize                             0x0800450e   Data           2  os_dbg.o(.constdata)
    OSSemEn                                  0x08004510   Data           2  os_dbg.o(.constdata)
    OSStkWidth                               0x08004512   Data           2  os_dbg.o(.constdata)
    OSTaskCreateEn                           0x08004514   Data           2  os_dbg.o(.constdata)
    OSTaskCreateExtEn                        0x08004516   Data           2  os_dbg.o(.constdata)
    OSTaskDelEn                              0x08004518   Data           2  os_dbg.o(.constdata)
    OSTaskIdleStkSize                        0x0800451a   Data           2  os_dbg.o(.constdata)
    OSTaskProfileEn                          0x0800451c   Data           2  os_dbg.o(.constdata)
    OSTaskMax                                0x0800451e   Data           2  os_dbg.o(.constdata)
    OSTaskNameSize                           0x08004520   Data           2  os_dbg.o(.constdata)
    OSTaskStatEn                             0x08004522   Data           2  os_dbg.o(.constdata)
    OSTaskStatStkSize                        0x08004524   Data           2  os_dbg.o(.constdata)
    OSTaskStatStkChkEn                       0x08004526   Data           2  os_dbg.o(.constdata)
    OSTaskSwHookEn                           0x08004528   Data           2  os_dbg.o(.constdata)
    OSTCBPrioTblMax                          0x0800452a   Data           2  os_dbg.o(.constdata)
    OSTCBSize                                0x0800452c   Data           2  os_dbg.o(.constdata)
    OSTicksPerSec                            0x0800452e   Data           2  os_dbg.o(.constdata)
    OSTimeTickHookEn                         0x08004530   Data           2  os_dbg.o(.constdata)
    OSVersionNbr                             0x08004532   Data           2  os_dbg.o(.constdata)
    OSDataSize                               0x08004534   Data           2  os_dbg.o(.constdata)
    Region$$Table$$Base                      0x08004538   Number         0  anon$$obj.o(Region$$Table)
    Region$$Table$$Limit                     0x08004558   Number         0  anon$$obj.o(Region$$Table)
    SystemCoreClock                          0x20000000   Data           4  system_stm32f10x.o(.data)
    AHBPrescTable                            0x20000004   Data          16  system_stm32f10x.o(.data)
    OSCtxSwCtr                               0x20000028   Data           4  os_core.o(.data)
    OSEventFreeList                          0x2000002c   Data           4  os_core.o(.data)
    OSFlagFreeList                           0x20000030   Data           4  os_core.o(.data)
    OSCPUUsage                               0x20000034   Data           1  os_core.o(.data)
    OSIdleCtrMax                             0x20000038   Data           4  os_core.o(.data)
    OSIdleCtrRun                             0x2000003c   Data           4  os_core.o(.data)
    OSStatRdy                                0x20000040   Data           1  os_core.o(.data)
    OSIntNesting                             0x20000041   Data           1  os_core.o(.data)
    OSLockNesting                            0x20000042   Data           1  os_core.o(.data)
    OSPrioCur                                0x20000043   Data           1  os_core.o(.data)
    OSPrioHighRdy                            0x20000044   Data           1  os_core.o(.data)
    OSRdyGrp                                 0x20000045   Data           1  os_core.o(.data)
    OSRdyTbl                                 0x20000046   Data           4  os_core.o(.data)
    OSRunning                                0x2000004a   Data           1  os_core.o(.data)
    OSTaskCtr                                0x2000004b   Data           1  os_core.o(.data)
    OSIdleCtr                                0x2000004c   Data           4  os_core.o(.data)
    OSTCBCur                                 0x20000050   Data           4  os_core.o(.data)
    OSTCBFreeList                            0x20000054   Data           4  os_core.o(.data)
    OSTCBHighRdy                             0x20000058   Data           4  os_core.o(.data)
    OSTCBList                                0x2000005c   Data           4  os_core.o(.data)
    OSTickStepState                          0x20000060   Data           1  os_core.o(.data)
    OSMemFreeList                            0x20000064   Data           4  os_core.o(.data)
    OSQFreeList                              0x20000068   Data           4  os_core.o(.data)
    OSTime                                   0x2000006c   Data           4  os_core.o(.data)
    OSTmrFree                                0x20000070   Data           2  os_core.o(.data)
    OSTmrUsed                                0x20000072   Data           2  os_core.o(.data)
    OSTmrTime                                0x20000074   Data           4  os_core.o(.data)
    OSTmrSem                                 0x20000078   Data           4  os_core.o(.data)
    OSTmrSemSignal                           0x2000007c   Data           4  os_core.o(.data)
    OSTmrFreeList                            0x20000080   Data           4  os_core.o(.data)
    OSEventTbl                               0x20000488   Data         320  os_core.o(.bss)
    OSFlagTbl                                0x200005c8   Data         140  os_core.o(.bss)
    OSTaskStatStk                            0x20000654   Data         512  os_core.o(.bss)
    OSTaskIdleStk                            0x20000854   Data         512  os_core.o(.bss)
    OSTCBPrioTbl                             0x20000a54   Data         128  os_core.o(.bss)
    OSTCBTbl                                 0x20000ad4   Data        1656  os_core.o(.bss)
    OSMemTbl                                 0x2000114c   Data         180  os_core.o(.bss)
    OSQTbl                                   0x20001200   Data          96  os_core.o(.bss)
    OSTmrTbl                                 0x20001260   Data         832  os_core.o(.bss)
    OSTmrTaskStk                             0x200015a0   Data         512  os_core.o(.bss)
    OSTmrWheelTbl                            0x200017a0   Data          64  os_core.o(.bss)
    __initial_sp                             0x20001be0   Data           0  startup_stm32f10x_hd.o(STACK)



==============================================================================

Memory Map of the image

  Image Entry point : 0x08000131

  Load Region LR_IROM1 (Base: 0x08000000, Size: 0x000045e0, Max: 0x00080000, ABSOLUTE)

    Execution Region ER_IROM1 (Base: 0x08000000, Size: 0x00004558, Max: 0x00080000, ABSOLUTE)

    Base Addr    Size         Type   Attr      Idx    E Section Name        Object

    0x08000000   0x00000130   Data   RO           93    RESET               startup_stm32f10x_hd.o
    0x08000130   0x00000000   Code   RO          639  * .ARM.Collect$$$$00000000  mc_w.l(entry.o)
    0x08000130   0x00000004   Code   RO          642    .ARM.Collect$$$$00000001  mc_w.l(entry2.o)
    0x08000134   0x00000004   Code   RO          645    .ARM.Collect$$$$00000004  mc_w.l(entry5.o)
    0x08000138   0x00000000   Code   RO          647    .ARM.Collect$$$$00000008  mc_w.l(entry7b.o)
    0x08000138   0x00000000   Code   RO          649    .ARM.Collect$$$$0000000A  mc_w.l(entry8b.o)
    0x08000138   0x00000008   Code   RO          650    .ARM.Collect$$$$0000000B  mc_w.l(entry9a.o)
    0x08000140   0x00000000   Code   RO          652    .ARM.Collect$$$$0000000D  mc_w.l(entry10a.o)
    0x08000140   0x00000000   Code   RO          654    .ARM.Collect$$$$0000000F  mc_w.l(entry11a.o)
    0x08000140   0x00000004   Code   RO          643    .ARM.Collect$$$$00002712  mc_w.l(entry2.o)
    0x08000144   0x00000118   Code   RO            1    .text               main.o
    0x0800025c   0x0000001a   Code   RO           76    .text               stm32f10x_it.o
    0x08000276   0x00000002   PAD
    0x08000278   0x00000024   Code   RO           94    .text               startup_stm32f10x_hd.o
    0x0800029c   0x000001dc   Code   RO          109    .text               system_stm32f10x.o
    0x08000478   0x00000358   Code   RO          304    .text               stm32f10x_gpio.o
    0x080007d0   0x000003a4   Code   RO          361    .text               stm32f10x_rcc.o
    0x08000b74   0x00000d88   Code   RO          465    .text               os_core.o
    0x080018fc   0x000008c8   Code   RO          488    .text               os_flag.o
    0x080021c4   0x00000288   Code   RO          512    .text               os_mem.o
    0x0800244c   0x00000668   Code   RO          536    .text               os_q.o
    0x08002ab4   0x00000410   Code   RO          548    .text               os_sem.o
    0x08002ec4   0x0000088e   Code   RO          560    .text               os_task.o
    0x08003752   0x00000002   PAD
    0x08003754   0x000001f8   Code   RO          572    .text               os_time.o
    0x0800394c   0x00000758   Code   RO          584    .text               os_tmr.o
    0x080040a4   0x000000a4   Code   RO          596    .text               os_cpu_a.o
    0x08004148   0x00000138   Code   RO          599    .text               os_cpu_c.o
    0x08004280   0x00000114   Code   RO          621    .text               os_dbg.o
    0x08004394   0x00000024   Code   RO          656    .text               mc_w.l(init.o)
    0x080043b8   0x0000000e   Code   RO          660    i.__scatterload_copy  mc_w.l(handlers.o)
    0x080043c6   0x00000002   Code   RO          661    i.__scatterload_null  mc_w.l(handlers.o)
    0x080043c8   0x0000000e   Code   RO          662    i.__scatterload_zeroinit  mc_w.l(handlers.o)
    0x080043d6   0x00000100   Data   RO          467    .constdata          os_core.o
    0x080044d6   0x00000002   PAD
    0x080044d8   0x0000005e   Data   RO          622    .constdata          os_dbg.o
    0x08004536   0x00000002   PAD
    0x08004538   0x00000020   Data   RO          658    Region$$Table       anon$$obj.o


    Execution Region RW_IRAM1 (Base: 0x20000000, Size: 0x00001be0, Max: 0x00010000, ABSOLUTE)

    Base Addr    Size         Type   Attr      Idx    E Section Name        Object

    0x20000000   0x00000014   Data   RW          110    .data               system_stm32f10x.o
    0x20000014   0x00000014   Data   RW          362    .data               stm32f10x_rcc.o
    0x20000028   0x0000005c   Data   RW          468    .data               os_core.o
    0x20000084   0x00000002   Data   RW          600    .data               os_cpu_c.o
    0x20000086   0x00000002   PAD
    0x20000088   0x00000400   Zero   RW            2    .bss                main.o
    0x20000488   0x00001358   Zero   RW          466    .bss                os_core.o
    0x200017e0   0x00000400   Zero   RW           91    STACK               startup_stm32f10x_hd.o


==============================================================================

Image component sizes


      Code (inc. data)   RO Data    RW Data    ZI Data      Debug   Object Name

       280         34          0          0       1024     236975   main.o
      3464        288        256         92       4952      20622   os_core.o
       164         32          0          0          0        368   os_cpu_a.o
       312         18          0          2          0      14383   os_cpu_c.o
       276        182         94          0          0       3001   os_dbg.o
      2248         40          0          0          0       7008   os_flag.o
       648         14          0          0          0       3364   os_mem.o
      1640         30          0          0          0       5725   os_q.o
      1040         18          0          0          0       3998   os_sem.o
      2190         66          0          0          0       7109   os_task.o
       504         24          0          0          0       1874   os_time.o
      1880        120          0          0          0       5961   os_tmr.o
        36          8        304          0       1024        820   startup_stm32f10x_hd.o
       856         40          0          0          0       5553   stm32f10x_gpio.o
        26          0          0          0          0       1158   stm32f10x_it.o
       932         44          0         20          0       8676   stm32f10x_rcc.o
       476         36          0         20          0       1715   system_stm32f10x.o

    ----------------------------------------------------------------------
     16976        994        690        136       7000     328310   Object Totals
         0          0         32          0          0          0   (incl. Generated)
         4          0          4          2          0          0   (incl. Padding)

    ----------------------------------------------------------------------

      Code (inc. data)   RO Data    RW Data    ZI Data      Debug   Library Member Name

         0          0          0          0          0          0   entry.o
         0          0          0          0          0          0   entry10a.o
         0          0          0          0          0          0   entry11a.o
         8          4          0          0          0          0   entry2.o
         4          0          0          0          0          0   entry5.o
         0          0          0          0          0          0   entry7b.o
         0          0          0          0          0          0   entry8b.o
         8          4          0          0          0          0   entry9a.o
        30          0          0          0          0          0   handlers.o
        36          8          0          0          0         68   init.o

    ----------------------------------------------------------------------
        86         16          0          0          0         68   Library Totals
         0          0          0          0          0          0   (incl. Padding)

    ----------------------------------------------------------------------

      Code (inc. data)   RO Data    RW Data    ZI Data      Debug   Library Name

        86         16          0          0          0         68   mc_w.l

    ----------------------------------------------------------------------
        86         16          0          0          0         68   Library Totals

    ----------------------------------------------------------------------

==============================================================================


      Code (inc. data)   RO Data    RW Data    ZI Data      Debug   

     17062       1010        690        136       7000     327130   Grand Totals
     17062       1010        690        136       7000     327130   ELF Image Totals
     17062       1010        690        136          0          0   ROM Totals

==============================================================================

    Total RO  Size (Code + RO Data)                17752 (  17.34kB)
    Total RW  Size (RW Data + ZI Data)              7136 (   6.97kB)
    Total ROM Size (Code + RO Data + RW Data)      17888 (  17.47kB)

==============================================================================

